127.0.0.1 - - [31/Jul/2024:12:22:28 +0530] "GET / HTTP/1.1" 404 751
0:0:0:0:0:0:0:1 - - [31/Jul/2024:12:22:28 +0530] "GET /ServletWebProject/Servlet HTTP/1.1" 200 29
0:0:0:0:0:0:0:1 - - [31/Jul/2024:12:22:28 +0530] "GET /favicon.ico HTTP/1.1" 404 762
127.0.0.1 - - [31/Jul/2024:12:25:33 +0530] "GET / HTTP/1.1" 404 751
0:0:0:0:0:0:0:1 - - [31/Jul/2024:12:25:33 +0530] "GET /ServletWebProject/Servlet HTTP/1.1" 200 17
127.0.0.1 - - [31/Jul/2024:12:26:37 +0530] "GET / HTTP/1.1" 404 751
0:0:0:0:0:0:0:1 - - [31/Jul/2024:12:26:37 +0530] "GET /ServletWebProject/Servlet HTTP/1.1" 200 17
127.0.0.1 - - [31/Jul/2024:12:26:58 +0530] "GET / HTTP/1.1" 404 751
0:0:0:0:0:0:0:1 - - [31/Jul/2024:12:26:58 +0530] "GET /ServletWebProject/Servlet HTTP/1.1" 200 17
127.0.0.1 - - [31/Jul/2024:12:27:30 +0530] "GET / HTTP/1.1" 404 751
0:0:0:0:0:0:0:1 - - [31/Jul/2024:12:27:30 +0530] "GET /ServletWebProject/Servlet HTTP/1.1" 200 18
127.0.0.1 - - [31/Jul/2024:12:28:06 +0530] "GET / HTTP/1.1" 404 751
0:0:0:0:0:0:0:1 - - [31/Jul/2024:12:28:06 +0530] "GET /ServletWebProject/Servlet HTTP/1.1" 200 16
127.0.0.1 - - [31/Jul/2024:12:31:21 +0530] "GET / HTTP/1.1" 404 751
0:0:0:0:0:0:0:1 - - [31/Jul/2024:12:31:21 +0530] "GET /ServletWebProject/WEB-INF/index.html HTTP/1.1" 404 682
0:0:0:0:0:0:0:1 - - [31/Jul/2024:12:31:21 +0530] "GET /favicon.ico HTTP/1.1" 404 762
127.0.0.1 - - [31/Jul/2024:13:59:04 +0530] "GET / HTTP/1.1" 404 751
0:0:0:0:0:0:0:1 - - [31/Jul/2024:13:59:04 +0530] "GET /ServletWebProject/WEB-INF/index.html HTTP/1.1" 404 682
0:0:0:0:0:0:0:1 - - [31/Jul/2024:13:59:04 +0530] "GET /favicon.ico HTTP/1.1" 404 762
127.0.0.1 - - [31/Jul/2024:14:00:09 +0530] "GET / HTTP/1.1" 404 751
0:0:0:0:0:0:0:1 - - [31/Jul/2024:14:00:09 +0530] "GET /ServletWebProject/WEB-INF/index.html HTTP/1.1" 404 682
127.0.0.1 - - [31/Jul/2024:14:04:14 +0530] "GET / HTTP/1.1" 404 751
0:0:0:0:0:0:0:1 - - [31/Jul/2024:14:04:14 +0530] "GET /ServletWebProject/WEB-INF/index.html HTTP/1.1" 404 682
127.0.0.1 - - [31/Jul/2024:14:04:31 +0530] "GET / HTTP/1.1" 404 751
0:0:0:0:0:0:0:1 - - [31/Jul/2024:14:04:31 +0530] "GET /ServletWebProject/WEB-INF/index.html HTTP/1.1" 404 682
0:0:0:0:0:0:0:1 - - [31/Jul/2024:14:06:01 +0530] "GET /ServletWebProject/Servlet HTTP/1.1" 200 17
127.0.0.1 - - [31/Jul/2024:14:08:10 +0530] "GET / HTTP/1.1" 404 751
0:0:0:0:0:0:0:1 - - [31/Jul/2024:14:08:11 +0530] "GET /ServletWebProject/WEB-INF/index.html HTTP/1.1" 404 682
127.0.0.1 - - [31/Jul/2024:14:09:24 +0530] "GET / HTTP/1.1" 404 751
0:0:0:0:0:0:0:1 - - [31/Jul/2024:14:09:24 +0530] "GET /ServletWebProject/index.html HTTP/1.1" 200 605
127.0.0.1 - - [31/Jul/2024:14:20:26 +0530] "GET / HTTP/1.1" 404 751
0:0:0:0:0:0:0:1 - - [31/Jul/2024:14:20:26 +0530] "GET /ServletWebProject/Servlet HTTP/1.1" 500 60
0:0:0:0:0:0:0:1 - - [31/Jul/2024:14:20:48 +0530] "GET /ServletWebProject/index.html HTTP/1.1" 304 -
0:0:0:0:0:0:0:1 - - [31/Jul/2024:14:20:58 +0530] "GET /ServletWebProject/Servlet?fno=3&sno=3&operator=%2B HTTP/1.1" 200 92
0:0:0:0:0:0:0:1 - - [31/Jul/2024:14:21:05 +0530] "GET /ServletWebProject/Servlet?fno=3&sno=3&operator=- HTTP/1.1" 200 92
0:0:0:0:0:0:0:1 - - [31/Jul/2024:14:21:10 +0530] "GET /ServletWebProject/Servlet?fno=3&sno=3&operator=* HTTP/1.1" 200 92
0:0:0:0:0:0:0:1 - - [31/Jul/2024:14:21:14 +0530] "GET /ServletWebProject/Servlet?fno=3&sno=3&operator=%2F HTTP/1.1" 200 92
0:0:0:0:0:0:0:1 - - [31/Jul/2024:14:21:19 +0530] "GET /ServletWebProject/Servlet?fno=3&sno=3&operator=%2F HTTP/1.1" 200 92
127.0.0.1 - - [31/Jul/2024:14:22:09 +0530] "GET / HTTP/1.1" 404 751
0:0:0:0:0:0:0:1 - - [31/Jul/2024:14:22:09 +0530] "GET /ServletWebProject/index.html HTTP/1.1" 304 -
0:0:0:0:0:0:0:1 - - [31/Jul/2024:14:22:23 +0530] "GET /ServletWebProject/Servlet?fno=3&sno=3&operator=* HTTP/1.1" 200 92
127.0.0.1 - - [31/Jul/2024:14:26:10 +0530] "GET / HTTP/1.1" 404 751
0:0:0:0:0:0:0:1 - - [31/Jul/2024:14:26:11 +0530] "GET /ServletWebProject/index.html HTTP/1.1" 304 -
0:0:0:0:0:0:0:1 - - [31/Jul/2024:14:26:22 +0530] "GET /ServletWebProject/Servlet?fno=20&sno=5&operator=%2B HTTP/1.1" 200 218
127.0.0.1 - - [31/Jul/2024:14:27:43 +0530] "GET / HTTP/1.1" 404 751
0:0:0:0:0:0:0:1 - - [31/Jul/2024:14:27:52 +0530] "GET /ServletWebProject/Servlet?fno=20&sno=5&operator=%2B HTTP/1.1" 200 108
0:0:0:0:0:0:0:1 - - [31/Jul/2024:14:28:04 +0530] "GET /ServletWebProject/Servlet?fno=20&sno=5&operator=- HTTP/1.1" 200 111
0:0:0:0:0:0:0:1 - - [31/Jul/2024:14:28:09 +0530] "GET /ServletWebProject/Servlet?fno=20&sno=5&operator=* HTTP/1.1" 200 114
0:0:0:0:0:0:0:1 - - [31/Jul/2024:14:28:15 +0530] "GET /ServletWebProject/Servlet?fno=20&sno=5&operator=%2F HTTP/1.1" 200 110
127.0.0.1 - - [31/Jul/2024:14:39:48 +0530] "GET / HTTP/1.1" 404 751
0:0:0:0:0:0:0:1 - - [31/Jul/2024:14:39:48 +0530] "GET /ServletWebProject/index.html HTTP/1.1" 200 607
0:0:0:0:0:0:0:1 - - [31/Jul/2024:14:39:56 +0530] "GET /ServletWebProject/Servlet?fno=20&sno=5&operator=%2B HTTP/1.1" 404 780
127.0.0.1 - - [31/Jul/2024:14:41:00 +0530] "GET / HTTP/1.1" 404 751
0:0:0:0:0:0:0:1 - - [31/Jul/2024:14:41:00 +0530] "GET /ServletWebProject/index.html HTTP/1.1" 304 -
0:0:0:0:0:0:0:1 - - [31/Jul/2024:14:41:06 +0530] "GET /ServletWebProject/Servlet?fno=20&sno=5&operator=%2B HTTP/1.1" 404 780
127.0.0.1 - - [31/Jul/2024:14:46:11 +0530] "GET / HTTP/1.1" 404 751
0:0:0:0:0:0:0:1 - - [31/Jul/2024:14:46:11 +0530] "GET /ServletWebProject/index.html HTTP/1.1" 304 -
0:0:0:0:0:0:0:1 - - [31/Jul/2024:14:46:16 +0530] "GET /ServletWebProject/Servlet?fno=20&sno=5&operator=%2B HTTP/1.1" 404 780
0:0:0:0:0:0:0:1 - - [31/Jul/2024:14:46:59 +0530] "GET /ServletWebProject/Servlet?fno=20&sno=5&operator=%2B HTTP/1.1" 404 780
127.0.0.1 - - [31/Jul/2024:14:48:18 +0530] "GET / HTTP/1.1" 404 751
0:0:0:0:0:0:0:1 - - [31/Jul/2024:14:48:19 +0530] "GET /ServletWebProject/index.html HTTP/1.1" 200 610
0:0:0:0:0:0:0:1 - - [31/Jul/2024:14:48:24 +0530] "GET /ServletWebProject/Calculator?fno=20&sno=5&operator=- HTTP/1.1" 404 783
127.0.0.1 - - [31/Jul/2024:14:51:05 +0530] "GET / HTTP/1.1" 404 751
0:0:0:0:0:0:0:1 - - [31/Jul/2024:14:51:05 +0530] "GET /ServletWebProject/index.html HTTP/1.1" 200 603
0:0:0:0:0:0:0:1 - - [31/Jul/2024:14:51:11 +0530] "GET /ServletWebProject/cal?fno=20&sno=5&operator=%2B HTTP/1.1" 200 108
0:0:0:0:0:0:0:1 - - [31/Jul/2024:14:54:28 +0530] "GET /ServletWebProject/cal?fno=20&sno=0&operator=%2F HTTP/1.1" 200 115
127.0.0.1 - - [31/Jul/2024:15:25:43 +0530] "GET / HTTP/1.1" 404 751
0:0:0:0:0:0:0:1 - - [31/Jul/2024:15:25:43 +0530] "GET /ServletWebProject/index.html HTTP/1.1" 304 -
0:0:0:0:0:0:0:1 - - [31/Jul/2024:15:25:49 +0530] "GET /ServletWebProject/cal?fno=20&sno=0&operator=%2B HTTP/1.1" 200 157
0:0:0:0:0:0:0:1 - - [31/Jul/2024:15:26:31 +0530] "GET /ServletWebProject/cal?fno=20&sno=9&operator=%2B HTTP/1.1" 200 711
0:0:0:0:0:0:0:1 - - [31/Jul/2024:15:32:14 +0530] "GET /ServletWebProject/cal?fno=20&sno=0&operator=%2B HTTP/1.1" 304 -
0:0:0:0:0:0:0:1 - - [31/Jul/2024:15:32:19 +0530] "GET /ServletWebProject/cal?fno=20&sno=11&operator=%2B HTTP/1.1" 200 712
127.0.0.1 - - [31/Jul/2024:15:34:12 +0530] "GET / HTTP/1.1" 404 751
0:0:0:0:0:0:0:1 - - [31/Jul/2024:15:34:12 +0530] "GET /ServletWebProject/index.html HTTP/1.1" 304 -
0:0:0:0:0:0:0:1 - - [31/Jul/2024:15:34:22 +0530] "GET /ServletWebProject/cal?fno=20&sno=0&operator=%2B HTTP/1.1" 302 -
127.0.0.1 - - [31/Jul/2024:16:07:23 +0530] "GET / HTTP/1.1" 404 751
0:0:0:0:0:0:0:1 - - [31/Jul/2024:16:07:24 +0530] "GET /ServletWebProject/JDBC_Register.html HTTP/1.1" 200 485
0:0:0:0:0:0:0:1 - - [31/Jul/2024:16:07:24 +0530] "GET /favicon.ico HTTP/1.1" 404 762
0:0:0:0:0:0:0:1 - - [31/Jul/2024:16:07:27 +0530] "GET /ServletWebProject/Register?username=&pass=&email=&country= HTTP/1.1" 500 60
127.0.0.1 - - [31/Jul/2024:16:08:27 +0530] "GET / HTTP/1.1" 404 751
0:0:0:0:0:0:0:1 - - [31/Jul/2024:16:08:27 +0530] "GET /ServletWebProject/JDBC_Register.html HTTP/1.1" 200 509
127.0.0.1 - - [31/Jul/2024:16:20:13 +0530] "GET / HTTP/1.1" 404 751
0:0:0:0:0:0:0:1 - - [31/Jul/2024:16:20:14 +0530] "GET /ServletWebProject/JDBC_Register.html HTTP/1.1" 200 510
0:0:0:0:0:0:0:1 - - [31/Jul/2024:16:21:53 +0530] "GET /ServletWebProject/Register?username=Simone&pass=Abc123&email=simone%40gmail.com&country=india HTTP/1.1" 200 60
127.0.0.1 - - [31/Jul/2024:16:24:22 +0530] "GET / HTTP/1.1" 404 751
0:0:0:0:0:0:0:1 - - [31/Jul/2024:16:24:23 +0530] "GET /ServletWebProject/Register HTTP/1.1" 200 60
0:0:0:0:0:0:0:1 - - [31/Jul/2024:16:26:37 +0530] "GET /ServletWebProject/Register?username=Simone&pass=1234&email=simone%40gmail.com&country=india HTTP/1.1" 200 60
127.0.0.1 - - [31/Jul/2024:16:28:03 +0530] "GET / HTTP/1.1" 404 751
0:0:0:0:0:0:0:1 - - [31/Jul/2024:16:28:03 +0530] "GET /ServletWebProject/Register HTTP/1.1" 200 60
0:0:0:0:0:0:0:1 - - [31/Jul/2024:16:28:23 +0530] "GET /ServletWebProject/JDBC_Register.html HTTP/1.1" 304 -
0:0:0:0:0:0:0:1 - - [31/Jul/2024:16:28:32 +0530] "GET /ServletWebProject/Register?username=Simone&pass=123a&email=simone%40gmail.com&country=India HTTP/1.1" 200 60
127.0.0.1 - - [31/Jul/2024:16:42:23 +0530] "GET / HTTP/1.1" 404 751
0:0:0:0:0:0:0:1 - - [31/Jul/2024:16:42:23 +0530] "GET /aptech HTTP/1.1" 404 757
127.0.0.1 - - [31/Jul/2024:16:42:47 +0530] "GET / HTTP/1.1" 404 751
0:0:0:0:0:0:0:1 - - [31/Jul/2024:16:42:48 +0530] "GET /aptech HTTP/1.1" 404 757
127.0.0.1 - - [31/Jul/2024:16:43:43 +0530] "GET / HTTP/1.1" 404 751
0:0:0:0:0:0:0:1 - - [31/Jul/2024:16:43:43 +0530] "GET /aptech HTTP/1.1" 404 757
127.0.0.1 - - [31/Jul/2024:16:44:07 +0530] "GET / HTTP/1.1" 404 751
0:0:0:0:0:0:0:1 - - [31/Jul/2024:16:44:07 +0530] "GET /aptech HTTP/1.1" 404 757
0:0:0:0:0:0:0:1 - - [31/Jul/2024:16:44:08 +0530] "GET /favicon.ico HTTP/1.1" 404 762
127.0.0.1 - - [31/Jul/2024:16:45:13 +0530] "GET / HTTP/1.1" 404 751
0:0:0:0:0:0:0:1 - - [31/Jul/2024:16:45:13 +0530] "GET /Q1/aptech HTTP/1.1" 200 151
127.0.0.1 - - [31/Jul/2024:16:45:53 +0530] "GET / HTTP/1.1" 404 751
0:0:0:0:0:0:0:1 - - [31/Jul/2024:16:45:54 +0530] "GET /Q1/aptech HTTP/1.1" 200 159
127.0.0.1 - - [31/Jul/2024:16:53:36 +0530] "GET / HTTP/1.1" 404 751
0:0:0:0:0:0:0:1 - - [31/Jul/2024:16:53:36 +0530] "GET /Q1/aptech HTTP/1.1" 200 157
127.0.0.1 - - [31/Jul/2024:16:54:17 +0530] "GET / HTTP/1.1" 404 751
0:0:0:0:0:0:0:1 - - [31/Jul/2024:16:54:17 +0530] "GET /Q1/aptech HTTP/1.1" 200 168
127.0.0.1 - - [31/Jul/2024:17:02:34 +0530] "GET / HTTP/1.1" 404 751
0:0:0:0:0:0:0:1 - - [31/Jul/2024:17:02:34 +0530] "GET /Q1/WEB-INF/vote.html HTTP/1.1" 404 682
127.0.0.1 - - [31/Jul/2024:17:04:33 +0530] "GET / HTTP/1.1" 404 751
0:0:0:0:0:0:0:1 - - [31/Jul/2024:17:04:34 +0530] "GET /Q1/WEB-INF/vote.html HTTP/1.1" 404 682
0:0:0:0:0:0:0:1 - - [31/Jul/2024:17:05:20 +0530] "GET /Q1/WEB-INF/vote.html HTTP/1.1" 404 682
127.0.0.1 - - [31/Jul/2024:17:05:41 +0530] "GET / HTTP/1.1" 404 751
0:0:0:0:0:0:0:1 - - [31/Jul/2024:17:05:42 +0530] "GET /Q1/WEB-INF/vote.html HTTP/1.1" 404 682
127.0.0.1 - - [31/Jul/2024:17:06:42 +0530] "GET / HTTP/1.1" 404 751
0:0:0:0:0:0:0:1 - - [31/Jul/2024:17:06:42 +0530] "GET /Q1/WEB-INF/vote.html HTTP/1.1" 404 682
0:0:0:0:0:0:0:1 - - [31/Jul/2024:17:06:42 +0530] "GET /favicon.ico HTTP/1.1" 404 762
0:0:0:0:0:0:0:1 - - [31/Jul/2024:17:08:31 +0530] "GET /ServletWebProject/JDBC_Register.html HTTP/1.1" 304 -
0:0:0:0:0:0:0:1 - - [31/Jul/2024:17:08:31 +0530] "GET /favicon.ico HTTP/1.1" 404 762
127.0.0.1 - - [31/Jul/2024:17:08:52 +0530] "GET / HTTP/1.1" 404 751
0:0:0:0:0:0:0:1 - - [31/Jul/2024:17:08:52 +0530] "GET /Q1/WEB-INF/vote.html HTTP/1.1" 404 682
127.0.0.1 - - [31/Jul/2024:17:10:04 +0530] "GET / HTTP/1.1" 404 751
0:0:0:0:0:0:0:1 - - [31/Jul/2024:17:10:04 +0530] "GET /Q1/WEB-INF/vote.html HTTP/1.1" 404 682
0:0:0:0:0:0:0:1 - - [31/Jul/2024:17:10:04 +0530] "GET /favicon.ico HTTP/1.1" 404 762
127.0.0.1 - - [31/Jul/2024:17:13:33 +0530] "GET / HTTP/1.1" 404 751
0:0:0:0:0:0:0:1 - - [31/Jul/2024:17:13:34 +0530] "GET /Q1/WEB-INF/vote.html HTTP/1.1" 404 682
127.0.0.1 - - [31/Jul/2024:17:14:43 +0530] "GET / HTTP/1.1" 404 751
0:0:0:0:0:0:0:1 - - [31/Jul/2024:17:14:44 +0530] "GET /Q1/WEB-INF/vote.html HTTP/1.1" 404 682
127.0.0.1 - - [31/Jul/2024:17:16:04 +0530] "GET / HTTP/1.1" 404 751
0:0:0:0:0:0:0:1 - - [31/Jul/2024:17:16:04 +0530] "GET /Q1/WEB-INF/vote.html HTTP/1.1" 404 682
0:0:0:0:0:0:0:1 - - [31/Jul/2024:17:16:04 +0530] "GET /favicon.ico HTTP/1.1" 404 762
127.0.0.1 - - [31/Jul/2024:17:17:37 +0530] "GET / HTTP/1.1" 404 751
0:0:0:0:0:0:0:1 - - [31/Jul/2024:17:17:37 +0530] "GET /Q1/WEB-INF/vote.html HTTP/1.1" 404 682
127.0.0.1 - - [31/Jul/2024:17:18:21 +0530] "GET / HTTP/1.1" 404 751
0:0:0:0:0:0:0:1 - - [31/Jul/2024:17:18:21 +0530] "GET /Q1/WEB-INF/vote.html HTTP/1.1" 404 682
127.0.0.1 - - [31/Jul/2024:17:19:07 +0530] "GET / HTTP/1.1" 404 751
0:0:0:0:0:0:0:1 - - [31/Jul/2024:17:19:07 +0530] "GET /Q1/WEB-INF/vote.html HTTP/1.1" 404 682
127.0.0.1 - - [31/Jul/2024:17:21:03 +0530] "GET / HTTP/1.1" 404 751
0:0:0:0:0:0:0:1 - - [31/Jul/2024:17:21:03 +0530] "GET /Q1/WEB-INF/vote.html HTTP/1.1" 404 682
127.0.0.1 - - [31/Jul/2024:17:23:35 +0530] "GET / HTTP/1.1" 404 751
0:0:0:0:0:0:0:1 - - [31/Jul/2024:17:23:36 +0530] "GET /Q1/WEB-INF/vote.html HTTP/1.1" 404 682
127.0.0.1 - - [31/Jul/2024:17:26:13 +0530] "GET / HTTP/1.1" 404 751
0:0:0:0:0:0:0:1 - - [31/Jul/2024:17:26:13 +0530] "GET /Q2/WEB-INF/vote.html HTTP/1.1" 404 682
127.0.0.1 - - [31/Jul/2024:17:26:59 +0530] "GET / HTTP/1.1" 404 751
0:0:0:0:0:0:0:1 - - [31/Jul/2024:17:26:59 +0530] "GET /Q2/WEB-INF/vote.html HTTP/1.1" 404 682
127.0.0.1 - - [31/Jul/2024:17:28:38 +0530] "GET / HTTP/1.1" 404 751
0:0:0:0:0:0:0:1 - - [31/Jul/2024:17:28:39 +0530] "GET /Q2/WEB-INF/vote.html HTTP/1.1" 404 682
127.0.0.1 - - [31/Jul/2024:17:32:17 +0530] "GET / HTTP/1.1" 404 751
0:0:0:0:0:0:0:1 - - [31/Jul/2024:17:32:17 +0530] "GET /ServletWebProject/JDBC_Register.html HTTP/1.1" 200 511
0:0:0:0:0:0:0:1 - - [31/Jul/2024:17:32:27 +0530] "GET /ServletWebProject/Register?username=Simone&pass=123s&email=simone%40gmail.com&country=India HTTP/1.1" 200 17
0:0:0:0:0:0:0:1 - - [31/Jul/2024:17:33:06 +0530] "GET /Q2/WEB-INF/vote.html HTTP/1.1" 404 682
127.0.0.1 - - [31/Jul/2024:17:39:31 +0530] "GET / HTTP/1.1" 404 751
0:0:0:0:0:0:0:1 - - [31/Jul/2024:17:39:31 +0530] "GET /Q3/WEB-INF/login.html HTTP/1.1" 404 682
127.0.0.1 - - [31/Jul/2024:17:40:35 +0530] "GET / HTTP/1.1" 404 751
0:0:0:0:0:0:0:1 - - [31/Jul/2024:17:40:35 +0530] "GET /Q3/WEB-INF/login.html HTTP/1.1" 404 682
0:0:0:0:0:0:0:1 - - [31/Jul/2024:17:41:03 +0530] "GET /Q3/WEB-INF/login.html HTTP/1.1" 404 682
127.0.0.1 - - [31/Jul/2024:17:44:35 +0530] "GET / HTTP/1.1" 404 751
0:0:0:0:0:0:0:1 - - [31/Jul/2024:17:44:35 +0530] "GET /Q3/WEB-INF/index.html HTTP/1.1" 404 682
127.0.0.1 - - [31/Jul/2024:17:45:19 +0530] "GET / HTTP/1.1" 404 751
0:0:0:0:0:0:0:1 - - [31/Jul/2024:17:45:19 +0530] "GET /Q3/index.html HTTP/1.1" 200 309
127.0.0.1 - - [31/Jul/2024:17:45:47 +0530] "GET / HTTP/1.1" 404 751
0:0:0:0:0:0:0:1 - - [31/Jul/2024:17:45:48 +0530] "GET /Q2/vote.html HTTP/1.1" 200 341
127.0.0.1 - - [31/Jul/2024:17:53:51 +0530] "GET / HTTP/1.1" 404 751
0:0:0:0:0:0:0:1 - - [31/Jul/2024:17:53:52 +0530] "GET /Q2/vote.html HTTP/1.1" 200 336
0:0:0:0:0:0:0:1 - - [31/Jul/2024:17:53:59 +0530] "GET /Q2/vote.html?username=Simone&age=21 HTTP/1.1" 200 336
0:0:0:0:0:0:0:1 - - [31/Jul/2024:17:54:02 +0530] "GET /Q2/vote.html?username=Simone&age=21 HTTP/1.1" 304 -
0:0:0:0:0:0:0:1 - - [31/Jul/2024:17:54:08 +0530] "GET /Q2/vote.html?username=Simone&age=21 HTTP/1.1" 304 -
0:0:0:0:0:0:0:1 - - [31/Jul/2024:17:54:30 +0530] "GET /Q2/vote.html HTTP/1.1" 200 341
0:0:0:0:0:0:0:1 - - [31/Jul/2024:17:54:35 +0530] "GET /Q2/voter?username=Simone&age=21 HTTP/1.1" 200 341
0:0:0:0:0:0:0:1 - - [31/Jul/2024:17:54:40 +0530] "GET /Q2/voter?username=Simone&age=21 HTTP/1.1" 304 -
127.0.0.1 - - [31/Jul/2024:17:55:27 +0530] "GET / HTTP/1.1" 404 751
0:0:0:0:0:0:0:1 - - [31/Jul/2024:17:55:27 +0530] "GET /Q2/vote.html HTTP/1.1" 304 -
0:0:0:0:0:0:0:1 - - [31/Jul/2024:17:55:31 +0530] "GET /Q2/voter?username=Simone&age=21 HTTP/1.1" 304 -
127.0.0.1 - - [31/Jul/2024:17:56:37 +0530] "GET / HTTP/1.1" 404 751
0:0:0:0:0:0:0:1 - - [31/Jul/2024:17:56:37 +0530] "GET /Q2/vote.html HTTP/1.1" 200 341
0:0:0:0:0:0:0:1 - - [31/Jul/2024:17:56:42 +0530] "GET /Q2/voter?username=Simone&age=21 HTTP/1.1" 302 -
0:0:0:0:0:0:0:1 - - [31/Jul/2024:17:56:47 +0530] "GET /Q2/voter?username=Simone&age=2 HTTP/1.1" 200 341
0:0:0:0:0:0:0:1 - - [31/Jul/2024:17:56:50 +0530] "GET /Q2/voter?username=&age= HTTP/1.1" 200 341
127.0.0.1 - - [31/Jul/2024:17:57:51 +0530] "GET / HTTP/1.1" 404 751
0:0:0:0:0:0:0:1 - - [31/Jul/2024:17:57:52 +0530] "GET /Q2/vote.html HTTP/1.1" 304 -
0:0:0:0:0:0:0:1 - - [31/Jul/2024:17:57:57 +0530] "GET /Q2/voter?username=Simone&age=2 HTTP/1.1" 304 -
127.0.0.1 - - [31/Jul/2024:17:58:34 +0530] "GET / HTTP/1.1" 404 751
0:0:0:0:0:0:0:1 - - [31/Jul/2024:17:58:35 +0530] "GET /Q2/vote.html HTTP/1.1" 304 -
0:0:0:0:0:0:0:1 - - [31/Jul/2024:17:58:38 +0530] "GET /Q2/voter?username=Simone&age=2 HTTP/1.1" 200 355
127.0.0.1 - - [31/Jul/2024:18:13:12 +0530] "GET / HTTP/1.1" 404 751
0:0:0:0:0:0:0:1 - - [31/Jul/2024:18:13:13 +0530] "GET /Q3/login.html HTTP/1.1" 200 376
0:0:0:0:0:0:0:1 - - [31/Jul/2024:18:13:19 +0530] "GET /Q3/q3?username=ABC&pass=123 HTTP/1.1" 200 399
0:0:0:0:0:0:0:1 - - [31/Jul/2024:18:13:29 +0530] "GET /Q3/calSal?empname=SIMONE&empno=111&sal=23456 HTTP/1.1" 200 161
0:0:0:0:0:0:0:1 - - [31/Jul/2024:18:13:40 +0530] "GET /Q3/q3?username=ABC&pass=112 HTTP/1.1" 200 385
0:0:0:0:0:0:0:1 - - [31/Jul/2024:18:16:44 +0530] "GET /Q3/q3?username=ABC&pass=112 HTTP/1.1" 200 385
0:0:0:0:0:0:0:1 - - [31/Jul/2024:18:16:51 +0530] "GET /Q3/q3?username=ABC&pass=123 HTTP/1.1" 304 -
0:0:0:0:0:0:0:1 - - [31/Jul/2024:18:16:55 +0530] "GET /Q3/calSal?empname=SIMONE&empno=111&sal=23456 HTTP/1.1" 200 161
0:0:0:0:0:0:0:1 - - [31/Jul/2024:18:17:10 +0530] "GET /ServletWebProject/JDBC_Register.html HTTP/1.1" 304 -
0:0:0:0:0:0:0:1 - - [31/Jul/2024:18:17:22 +0530] "GET /ServletWebProject/Register?username=Simone&pass=123Q&email=simone%40gmail.com&country=India HTTP/1.1" 200 100
0:0:0:0:0:0:0:1 - - [31/Jul/2024:18:17:40 +0530] "GET /ServletWebProject/Register?username=SHERWIN&pass=123Q&email=s%40gmail.com&country=USA HTTP/1.1" 200 17
0:0:0:0:0:0:0:1 - - [31/Jul/2024:18:18:09 +0530] "GET /Q2/vote.html HTTP/1.1" 304 -
0:0:0:0:0:0:0:1 - - [31/Jul/2024:18:18:15 +0530] "GET /Q2/voter?username=Simone&age=21 HTTP/1.1" 302 -
0:0:0:0:0:0:0:1 - - [31/Jul/2024:18:18:34 +0530] "GET /Q1/servlet/assesment.Aptech HTTP/1.1" 404 786
127.0.0.1 - - [31/Jul/2024:18:19:03 +0530] "GET / HTTP/1.1" 404 751
0:0:0:0:0:0:0:1 - - [31/Jul/2024:18:19:10 +0530] "GET /Q2/voter?username=Simone&age=21 HTTP/1.1" 302 -
0:0:0:0:0:0:0:1 - - [31/Jul/2024:18:20:10 +0530] "GET /Q2/voter?username=Simone&age=21 HTTP/1.1" 302 -
0:0:0:0:0:0:0:1 - - [31/Jul/2024:18:20:21 +0530] "GET /Q2/voter?username=Simone&age=2 HTTP/1.1" 200 355
0:0:0:0:0:0:0:1 - - [31/Jul/2024:18:20:30 +0530] "GET /Q1/servlet/assesment.Aptech HTTP/1.1" 404 786
127.0.0.1 - - [31/Jul/2024:18:21:15 +0530] "GET / HTTP/1.1" 404 751
0:0:0:0:0:0:0:1 - - [31/Jul/2024:18:21:16 +0530] "GET /Q1/aptech HTTP/1.1" 200 168
0:0:0:0:0:0:0:1 - - [31/Jul/2024:18:30:03 +0530] "GET /ServletWebProject/JDBC_Register.html HTTP/1.1" 304 -
0:0:0:0:0:0:0:1 - - [31/Jul/2024:18:30:19 +0530] "GET /ServletWebProject/Register?username=SUNITA&pass=SUNITA&email=s%40gmail.com&country=India HTTP/1.1" 200 17
